2026-08-22 20:48:45,895 [INFO] ============================================================
2026-08-22 20:48:45,902 [INFO] TriNetra AI - Authentic Collector | Target: 400 rows
2026-08-22 20:48:45,902 [INFO] Sources: Pullpush.io (Reddit archive) + MouthShut.com
2026-08-22 20:48:45,902 [INFO] ============================================================
2026-08-22 20:48:45,905 [INFO] 
Pre-existing authentic rows: 1
2026-08-22 20:48:45,905 [INFO] 
[1/3] Pullpush.io - Global keyword search (submissions + comments)...
2026-08-22 20:48:45,905 [INFO]   -> Global submissions search...
2026-08-22 20:49:20,381 [WARNING]   [429] Rate limited -> sleeping 12s
2026-08-22 20:49:35,236 [WARNING]   [429] Rate limited -> sleeping 24s
2026-08-22 20:50:02,059 [WARNING]   [429] Rate limited -> sleeping 36s
2026-08-22 20:50:41,346 [WARNING]   [429] Rate limited -> sleeping 12s
2026-08-22 20:50:56,132 [WARNING]   [429] Rate limited -> sleeping 24s
2026-08-22 20:51:22,954 [WARNING]   [429] Rate limited -> sleeping 36s
2026-08-22 20:52:02,272 [WARNING]   [429] Rate limited -> sleeping 12s
2026-08-22 20:56:31,564 [INFO] ============================================================
2026-08-22 20:56:31,564 [INFO] TriNetra AI - Authentic Collector | Target: 400 rows
2026-08-22 20:56:31,565 [INFO] Sources: Pullpush.io (Reddit archive) + MouthShut.com
2026-08-22 20:56:31,565 [INFO] ============================================================
2026-08-22 20:56:31,568 [INFO] 
Pre-existing authentic rows: 1
2026-08-22 20:56:31,568 [INFO] 
[1/3] Pullpush.io - Global keyword search (submissions + comments)...
2026-08-22 20:56:31,568 [INFO]   -> Global submissions search (TIER1 + TIER2 keywords)...
2026-08-22 20:56:35,376 [WARNING]   [429] Rate limited -> sleeping 30s (attempt 1/4)
2026-08-22 20:57:08,231 [WARNING]   [429] Rate limited -> sleeping 60s (attempt 2/4)
2026-08-22 20:58:11,118 [WARNING]   [429] Rate limited -> sleeping 120s (attempt 3/4)
2026-08-22 21:00:13,998 [WARNING]   [429] Rate limited -> sleeping 240s (attempt 4/4)
2026-08-22 21:04:13,999 [INFO]     'flipkart refund' processed -> 0 authentic
2026-08-22 21:04:16,800 [WARNING]   [429] Rate limited -> sleeping 30s (attempt 1/4)
2026-08-22 21:04:49,654 [WARNING]   [429] Rate limited -> sleeping 60s (attempt 2/4)
2026-08-22 21:05:52,471 [WARNING]   [429] Rate limited -> sleeping 120s (attempt 3/4)
2026-08-22 21:07:55,301 [WARNING]   [429] Rate limited -> sleeping 240s (attempt 4/4)
2026-08-22 21:11:55,310 [INFO]     'myntra return' processed -> 0 authentic
2026-08-22 21:11:58,201 [WARNING]   [429] Rate limited -> sleeping 30s (attempt 1/4)
2026-08-22 21:12:30,971 [WARNING]   [429] Rate limited -> sleeping 60s (attempt 2/4)
2026-08-22 21:13:33,843 [WARNING]   [429] Rate limited -> sleeping 120s (attempt 3/4)
2026-08-22 21:15:36,711 [WARNING]   [429] Rate limited -> sleeping 240s (attempt 4/4)
2026-08-22 21:19:36,725 [INFO]     'meesho fake product' processed -> 0 authentic
2026-08-22 21:19:39,507 [WARNING]   [429] Rate limited -> sleeping 30s (attempt 1/4)
2026-08-22 21:20:12,378 [WARNING]   [429] Rate limited -> sleeping 60s (attempt 2/4)
2026-08-22 21:21:15,254 [WARNING]   [429] Rate limited -> sleeping 120s (attempt 3/4)
2026-08-22 21:23:18,135 [WARNING]   [429] Rate limited -> sleeping 240s (attempt 4/4)
2026-08-22 21:27:18,136 [INFO]     'ajio wrong size' processed -> 0 authentic
2026-08-22 21:27:22,358 [WARNING]   [429] Rate limited -> sleeping 30s (attempt 1/4)
2026-08-22 21:27:55,233 [WARNING]   [429] Rate limited -> sleeping 60s (attempt 2/4)
2026-08-22 21:28:58,101 [WARNING]   [429] Rate limited -> sleeping 120s (attempt 3/4)
2026-08-22 21:31:00,969 [WARNING]   [429] Rate limited -> sleeping 240s (attempt 4/4)
